
===========================================================================
 report_power
============================================================================
======================= Fastest Corner ===================================

Group                  Internal  Switching    Leakage      Total
                          Power      Power      Power      Power (Watts)
----------------------------------------------------------------
Sequential             2.38e-03   6.95e-04   2.15e-06   3.07e-03  33.5%
Combinational          2.36e-03   3.74e-03   3.30e-08   6.10e-03  66.5%
Macro                  0.00e+00   0.00e+00   0.00e+00   0.00e+00   0.0%
Pad                    0.00e+00   0.00e+00   0.00e+00   0.00e+00   0.0%
----------------------------------------------------------------
Total                  4.74e-03   4.43e-03   2.18e-06   9.17e-03 100.0%
                          51.6%      48.3%       0.0%

======================= Slowest Corner ===================================

Group                  Internal  Switching    Leakage      Total
                          Power      Power      Power      Power (Watts)
----------------------------------------------------------------
Sequential             1.59e-03   4.60e-04   9.16e-06   2.06e-03  32.8%
Combinational          1.74e-03   2.47e-03   1.45e-05   4.22e-03  67.2%
Macro                  0.00e+00   0.00e+00   0.00e+00   0.00e+00   0.0%
Pad                    0.00e+00   0.00e+00   0.00e+00   0.00e+00   0.0%
----------------------------------------------------------------
Total                  3.33e-03   2.93e-03   2.36e-05   6.28e-03 100.0%
                          53.0%      46.6%       0.4%

======================= Typical Corner ===================================

Group                  Internal  Switching    Leakage      Total
                          Power      Power      Power      Power (Watts)
----------------------------------------------------------------
Sequential             2.05e-03   5.87e-04   2.14e-06   2.64e-03  33.3%
Combinational          2.13e-03   3.16e-03   2.16e-08   5.29e-03  66.7%
Macro                  0.00e+00   0.00e+00   0.00e+00   0.00e+00   0.0%
Pad                    0.00e+00   0.00e+00   0.00e+00   0.00e+00   0.0%
----------------------------------------------------------------
Total                  4.18e-03   3.74e-03   2.17e-06   7.93e-03 100.0%
                          52.8%      47.2%       0.0%

