
===========================================================================
 report_power
============================================================================
======================= Fastest Corner ===================================

Group                  Internal  Switching    Leakage      Total
                          Power      Power      Power      Power (Watts)
----------------------------------------------------------------
Sequential             2.41e-02   4.42e-03   9.14e-08   2.86e-02  42.0%
Combinational          1.97e-02   1.97e-02   2.72e-07   3.94e-02  58.0%
Macro                  0.00e+00   0.00e+00   0.00e+00   0.00e+00   0.0%
Pad                    0.00e+00   0.00e+00   0.00e+00   0.00e+00   0.0%
----------------------------------------------------------------
Total                  4.39e-02   2.41e-02   3.63e-07   6.80e-02 100.0%
                          64.5%      35.5%       0.0%

======================= Slowest Corner ===================================

Group                  Internal  Switching    Leakage      Total
                          Power      Power      Power      Power (Watts)
----------------------------------------------------------------
Sequential             1.63e-02   2.90e-03   9.08e-05   1.93e-02  41.3%
Combinational          1.45e-02   1.29e-02   1.46e-04   2.75e-02  58.7%
Macro                  0.00e+00   0.00e+00   0.00e+00   0.00e+00   0.0%
Pad                    0.00e+00   0.00e+00   0.00e+00   0.00e+00   0.0%
----------------------------------------------------------------
Total                  3.08e-02   1.57e-02   2.37e-04   4.68e-02 100.0%
                          65.9%      33.6%       0.5%

======================= Typical Corner ===================================

Group                  Internal  Switching    Leakage      Total
                          Power      Power      Power      Power (Watts)
----------------------------------------------------------------
Sequential             2.09e-02   3.71e-03   5.21e-08   2.46e-02  41.7%
Combinational          1.77e-02   1.66e-02   1.82e-07   3.43e-02  58.3%
Macro                  0.00e+00   0.00e+00   0.00e+00   0.00e+00   0.0%
Pad                    0.00e+00   0.00e+00   0.00e+00   0.00e+00   0.0%
----------------------------------------------------------------
Total                  3.86e-02   2.03e-02   2.34e-07   5.89e-02 100.0%
                          65.6%      34.4%       0.0%

