
===========================================================================
 report_power
============================================================================
======================= Fastest Corner ===================================

Group                  Internal  Switching    Leakage      Total
                          Power      Power      Power      Power (Watts)
----------------------------------------------------------------
Sequential             2.41e-02   4.31e-03   9.13e-08   2.84e-02  41.6%
Combinational          2.01e-02   1.99e-02   2.76e-07   4.00e-02  58.4%
Macro                  0.00e+00   0.00e+00   0.00e+00   0.00e+00   0.0%
Pad                    0.00e+00   0.00e+00   0.00e+00   0.00e+00   0.0%
----------------------------------------------------------------
Total                  4.42e-02   2.42e-02   3.67e-07   6.84e-02 100.0%
                          64.6%      35.4%       0.0%

======================= Slowest Corner ===================================

Group                  Internal  Switching    Leakage      Total
                          Power      Power      Power      Power (Watts)
----------------------------------------------------------------
Sequential             1.63e-02   2.82e-03   9.08e-05   1.92e-02  40.8%
Combinational          1.47e-02   1.30e-02   1.64e-04   2.79e-02  59.2%
Macro                  0.00e+00   0.00e+00   0.00e+00   0.00e+00   0.0%
Pad                    0.00e+00   0.00e+00   0.00e+00   0.00e+00   0.0%
----------------------------------------------------------------
Total                  3.11e-02   1.58e-02   2.55e-04   4.72e-02 100.0%
                          65.9%      33.6%       0.5%

======================= Typical Corner ===================================

Group                  Internal  Switching    Leakage      Total
                          Power      Power      Power      Power (Watts)
----------------------------------------------------------------
Sequential             2.09e-02   3.62e-03   5.21e-08   2.45e-02  41.3%
Combinational          1.81e-02   1.68e-02   1.93e-07   3.48e-02  58.7%
Macro                  0.00e+00   0.00e+00   0.00e+00   0.00e+00   0.0%
Pad                    0.00e+00   0.00e+00   0.00e+00   0.00e+00   0.0%
----------------------------------------------------------------
Total                  3.89e-02   2.04e-02   2.45e-07   5.93e-02 100.0%
                          65.6%      34.4%       0.0%

