
===========================================================================
 report_power
============================================================================
======================= Fastest Corner ===================================

Group                  Internal  Switching    Leakage      Total
                          Power      Power      Power      Power (Watts)
----------------------------------------------------------------
Sequential             4.06e-04   1.13e-04   3.02e-07   5.19e-04  45.0%
Combinational          3.39e-04   2.97e-04   2.94e-09   6.36e-04  55.0%
Macro                  0.00e+00   0.00e+00   0.00e+00   0.00e+00   0.0%
Pad                    0.00e+00   0.00e+00   0.00e+00   0.00e+00   0.0%
----------------------------------------------------------------
Total                  7.44e-04   4.10e-04   3.05e-07   1.16e-03 100.0%
                          64.4%      35.5%       0.0%

======================= Slowest Corner ===================================

Group                  Internal  Switching    Leakage      Total
                          Power      Power      Power      Power (Watts)
----------------------------------------------------------------
Sequential             2.72e-04   7.54e-05   1.21e-06   3.49e-04  44.2%
Combinational          2.45e-04   1.93e-04   1.36e-06   4.40e-04  55.8%
Macro                  0.00e+00   0.00e+00   0.00e+00   0.00e+00   0.0%
Pad                    0.00e+00   0.00e+00   0.00e+00   0.00e+00   0.0%
----------------------------------------------------------------
Total                  5.17e-04   2.69e-04   2.57e-06   7.89e-04 100.0%
                          65.6%      34.1%       0.3%

======================= Typical Corner ===================================

Group                  Internal  Switching    Leakage      Total
                          Power      Power      Power      Power (Watts)
----------------------------------------------------------------
Sequential             3.50e-04   9.61e-05   3.02e-07   4.47e-04  44.7%
Combinational          3.02e-04   2.50e-04   1.84e-09   5.52e-04  55.3%
Macro                  0.00e+00   0.00e+00   0.00e+00   0.00e+00   0.0%
Pad                    0.00e+00   0.00e+00   0.00e+00   0.00e+00   0.0%
----------------------------------------------------------------
Total                  6.52e-04   3.46e-04   3.04e-07   9.98e-04 100.0%
                          65.3%      34.7%       0.0%

