
===========================================================================
 report_power
============================================================================
======================= Fastest Corner ===================================

Group                  Internal  Switching    Leakage      Total
                          Power      Power      Power      Power (Watts)
----------------------------------------------------------------
Sequential             4.06e-04   1.08e-04   3.02e-07   5.15e-04  45.2%
Combinational          3.39e-04   2.87e-04   2.94e-09   6.25e-04  54.8%
Macro                  0.00e+00   0.00e+00   0.00e+00   0.00e+00   0.0%
Pad                    0.00e+00   0.00e+00   0.00e+00   0.00e+00   0.0%
----------------------------------------------------------------
Total                  7.45e-04   3.95e-04   3.05e-07   1.14e-03 100.0%
                          65.3%      34.6%       0.0%

======================= Slowest Corner ===================================

Group                  Internal  Switching    Leakage      Total
                          Power      Power      Power      Power (Watts)
----------------------------------------------------------------
Sequential             2.73e-04   7.20e-05   1.21e-06   3.46e-04  44.4%
Combinational          2.45e-04   1.86e-04   1.36e-06   4.33e-04  55.6%
Macro                  0.00e+00   0.00e+00   0.00e+00   0.00e+00   0.0%
Pad                    0.00e+00   0.00e+00   0.00e+00   0.00e+00   0.0%
----------------------------------------------------------------
Total                  5.18e-04   2.58e-04   2.57e-06   7.79e-04 100.0%
                          66.5%      33.2%       0.3%

======================= Typical Corner ===================================

Group                  Internal  Switching    Leakage      Total
                          Power      Power      Power      Power (Watts)
----------------------------------------------------------------
Sequential             3.51e-04   9.17e-05   3.02e-07   4.43e-04  44.9%
Combinational          3.01e-04   2.41e-04   1.84e-09   5.43e-04  55.1%
Macro                  0.00e+00   0.00e+00   0.00e+00   0.00e+00   0.0%
Pad                    0.00e+00   0.00e+00   0.00e+00   0.00e+00   0.0%
----------------------------------------------------------------
Total                  6.52e-04   3.33e-04   3.04e-07   9.85e-04 100.0%
                          66.2%      33.8%       0.0%

