
62. Executing CHECK pass (checking for obvious problems).
Checking module sram_wrap...
Warning: Wire sram_wrap.\sram_i_rvalid_o is used but has no driver.
Warning: Wire sram_wrap.\sram_i_rdata_o [31] is used but has no driver.
Warning: Wire sram_wrap.\sram_i_rdata_o [30] is used but has no driver.
Warning: Wire sram_wrap.\sram_i_rdata_o [29] is used but has no driver.
Warning: Wire sram_wrap.\sram_i_rdata_o [28] is used but has no driver.
Warning: Wire sram_wrap.\sram_i_rdata_o [27] is used but has no driver.
Warning: Wire sram_wrap.\sram_i_rdata_o [26] is used but has no driver.
Warning: Wire sram_wrap.\sram_i_rdata_o [25] is used but has no driver.
Warning: Wire sram_wrap.\sram_i_rdata_o [24] is used but has no driver.
Warning: Wire sram_wrap.\sram_i_rdata_o [23] is used but has no driver.
Warning: Wire sram_wrap.\sram_i_rdata_o [22] is used but has no driver.
Warning: Wire sram_wrap.\sram_i_rdata_o [21] is used but has no driver.
Warning: Wire sram_wrap.\sram_i_rdata_o [20] is used but has no driver.
Warning: Wire sram_wrap.\sram_i_rdata_o [19] is used but has no driver.
Warning: Wire sram_wrap.\sram_i_rdata_o [18] is used but has no driver.
Warning: Wire sram_wrap.\sram_i_rdata_o [17] is used but has no driver.
Warning: Wire sram_wrap.\sram_i_rdata_o [16] is used but has no driver.
Warning: Wire sram_wrap.\sram_i_rdata_o [15] is used but has no driver.
Warning: Wire sram_wrap.\sram_i_rdata_o [14] is used but has no driver.
Warning: Wire sram_wrap.\sram_i_rdata_o [13] is used but has no driver.
Warning: Wire sram_wrap.\sram_i_rdata_o [12] is used but has no driver.
Warning: Wire sram_wrap.\sram_i_rdata_o [11] is used but has no driver.
Warning: Wire sram_wrap.\sram_i_rdata_o [10] is used but has no driver.
Warning: Wire sram_wrap.\sram_i_rdata_o [9] is used but has no driver.
Warning: Wire sram_wrap.\sram_i_rdata_o [8] is used but has no driver.
Warning: Wire sram_wrap.\sram_i_rdata_o [7] is used but has no driver.
Warning: Wire sram_wrap.\sram_i_rdata_o [6] is used but has no driver.
Warning: Wire sram_wrap.\sram_i_rdata_o [5] is used but has no driver.
Warning: Wire sram_wrap.\sram_i_rdata_o [4] is used but has no driver.
Warning: Wire sram_wrap.\sram_i_rdata_o [3] is used but has no driver.
Warning: Wire sram_wrap.\sram_i_rdata_o [2] is used but has no driver.
Warning: Wire sram_wrap.\sram_i_rdata_o [1] is used but has no driver.
Warning: Wire sram_wrap.\sram_i_rdata_o [0] is used but has no driver.
Warning: Wire sram_wrap.\sram_i_gnt_o is used but has no driver.
Warning: Wire sram_wrap.\sram_d_rvalid_o is used but has no driver.
Warning: Wire sram_wrap.\sram_d_rdata_o [31] is used but has no driver.
Warning: Wire sram_wrap.\sram_d_rdata_o [30] is used but has no driver.
Warning: Wire sram_wrap.\sram_d_rdata_o [29] is used but has no driver.
Warning: Wire sram_wrap.\sram_d_rdata_o [28] is used but has no driver.
Warning: Wire sram_wrap.\sram_d_rdata_o [27] is used but has no driver.
Warning: Wire sram_wrap.\sram_d_rdata_o [26] is used but has no driver.
Warning: Wire sram_wrap.\sram_d_rdata_o [25] is used but has no driver.
Warning: Wire sram_wrap.\sram_d_rdata_o [24] is used but has no driver.
Warning: Wire sram_wrap.\sram_d_rdata_o [23] is used but has no driver.
Warning: Wire sram_wrap.\sram_d_rdata_o [22] is used but has no driver.
Warning: Wire sram_wrap.\sram_d_rdata_o [21] is used but has no driver.
Warning: Wire sram_wrap.\sram_d_rdata_o [20] is used but has no driver.
Warning: Wire sram_wrap.\sram_d_rdata_o [19] is used but has no driver.
Warning: Wire sram_wrap.\sram_d_rdata_o [18] is used but has no driver.
Warning: Wire sram_wrap.\sram_d_rdata_o [17] is used but has no driver.
Warning: Wire sram_wrap.\sram_d_rdata_o [16] is used but has no driver.
Warning: Wire sram_wrap.\sram_d_rdata_o [15] is used but has no driver.
Warning: Wire sram_wrap.\sram_d_rdata_o [14] is used but has no driver.
Warning: Wire sram_wrap.\sram_d_rdata_o [13] is used but has no driver.
Warning: Wire sram_wrap.\sram_d_rdata_o [12] is used but has no driver.
Warning: Wire sram_wrap.\sram_d_rdata_o [11] is used but has no driver.
Warning: Wire sram_wrap.\sram_d_rdata_o [10] is used but has no driver.
Warning: Wire sram_wrap.\sram_d_rdata_o [9] is used but has no driver.
Warning: Wire sram_wrap.\sram_d_rdata_o [8] is used but has no driver.
Warning: Wire sram_wrap.\sram_d_rdata_o [7] is used but has no driver.
Warning: Wire sram_wrap.\sram_d_rdata_o [6] is used but has no driver.
Warning: Wire sram_wrap.\sram_d_rdata_o [5] is used but has no driver.
Warning: Wire sram_wrap.\sram_d_rdata_o [4] is used but has no driver.
Warning: Wire sram_wrap.\sram_d_rdata_o [3] is used but has no driver.
Warning: Wire sram_wrap.\sram_d_rdata_o [2] is used but has no driver.
Warning: Wire sram_wrap.\sram_d_rdata_o [1] is used but has no driver.
Warning: Wire sram_wrap.\sram_d_rdata_o [0] is used but has no driver.
Warning: Wire sram_wrap.\sram_d_gnt_o is used but has no driver.
Warning: Wire sram_wrap.\illegal_memory_o is used but has no driver.
Found and reported 69 problems.
