
===========================================================================
report_checks -unconstrained
===========================================================================
======================= Fastest Corner ===================================

Startpoint: EN (input port clocked by CLK)
Endpoint: OUT (output port clocked by CLK)
Path Group: CLK
Path Type: max
Corner: Fastest

Fanout     Cap    Slew   Delay    Time   Description
-----------------------------------------------------------------------------
                          0.00    0.00   clock CLK (rise edge)
                          0.00    0.00   clock network delay (propagated)
                          2.00    2.00 ^ input external delay
                  0.01    0.01    2.01 ^ EN (in)
     1    0.00                           EN (net)
                  0.01    0.00    2.01 ^ input1/A (sky130_fd_sc_hd__buf_2)
                  0.15    0.15    2.16 ^ input1/X (sky130_fd_sc_hd__buf_2)
     5    0.04                           net1 (net)
                  0.15    0.01    2.17 ^ _09_/A (sky130_fd_sc_hd__inv_2)
                  0.03    0.02    2.18 v _09_/Y (sky130_fd_sc_hd__inv_2)
     1    0.00                           _00_ (net)
                  0.03    0.00    2.19 v _10_/TE_B (sky130_fd_sc_hd__ebufn_1)
                  0.07    0.08    2.26 ^ _10_/Z (sky130_fd_sc_hd__ebufn_1)
     1    0.00                           buff1.Z (net)
                  0.07    0.00    2.26 ^ _11_/A (sky130_fd_sc_hd__ebufn_1)
                  0.06    0.10    2.36 ^ _11_/Z (sky130_fd_sc_hd__ebufn_1)
     1    0.00                           buff2.Z (net)
                  0.06    0.00    2.36 ^ _12_/A (sky130_fd_sc_hd__ebufn_1)
                  0.07    0.10    2.46 ^ _12_/Z (sky130_fd_sc_hd__ebufn_1)
     1    0.01                           buff3.Z (net)
                  0.07    0.00    2.46 ^ _13_/A (sky130_fd_sc_hd__ebufn_1)
                  0.10    0.13    2.60 ^ _13_/Z (sky130_fd_sc_hd__ebufn_1)
     1    0.01                           buff4.Z (net)
                  0.10    0.00    2.60 ^ _14_/A (sky130_fd_sc_hd__ebufn_8)
                  0.18    0.20    2.79 ^ _14_/Z (sky130_fd_sc_hd__ebufn_8)
     1    0.06                           OUT (net)
                  0.18    0.01    2.80 ^ OUT (out)
                                  2.80   data arrival time

                         10.00   10.00   clock CLK (rise edge)
                          0.00   10.00   clock network delay (propagated)
                         -0.25    9.75   clock uncertainty
                          0.00    9.75   clock reconvergence pessimism
                         -2.00    7.75   output external delay
                                  7.75   data required time
-----------------------------------------------------------------------------
                                  7.75   data required time
                                 -2.80   data arrival time
-----------------------------------------------------------------------------
                                  4.95   slack (MET)



======================= Slowest Corner ===================================

Startpoint: EN (input port clocked by CLK)
Endpoint: OUT (output port clocked by CLK)
Path Group: CLK
Path Type: max
Corner: Slowest

Fanout     Cap    Slew   Delay    Time   Description
-----------------------------------------------------------------------------
                          0.00    0.00   clock CLK (rise edge)
                          0.00    0.00   clock network delay (propagated)
                          2.00    2.00 ^ input external delay
                  0.03    0.01    2.01 ^ EN (in)
     1    0.00                           EN (net)
                  0.03    0.00    2.01 ^ input1/A (sky130_fd_sc_hd__buf_2)
                  0.33    0.38    2.39 ^ input1/X (sky130_fd_sc_hd__buf_2)
     5    0.04                           net1 (net)
                  0.33    0.01    2.40 ^ _09_/A (sky130_fd_sc_hd__inv_2)
                  0.07    0.14    2.54 v _09_/Y (sky130_fd_sc_hd__inv_2)
     1    0.00                           _00_ (net)
                  0.07    0.00    2.54 v _10_/TE_B (sky130_fd_sc_hd__ebufn_1)
                  0.15    0.19    2.73 ^ _10_/Z (sky130_fd_sc_hd__ebufn_1)
     1    0.00                           buff1.Z (net)
                  0.15    0.00    2.73 ^ _11_/A (sky130_fd_sc_hd__ebufn_1)
                  0.15    0.29    3.02 ^ _11_/Z (sky130_fd_sc_hd__ebufn_1)
     1    0.00                           buff2.Z (net)
                  0.15    0.00    3.02 ^ _12_/A (sky130_fd_sc_hd__ebufn_1)
                  0.16    0.30    3.32 ^ _12_/Z (sky130_fd_sc_hd__ebufn_1)
     1    0.01                           buff3.Z (net)
                  0.16    0.00    3.32 ^ _13_/A (sky130_fd_sc_hd__ebufn_1)
                  0.24    0.37    3.68 ^ _13_/Z (sky130_fd_sc_hd__ebufn_1)
     1    0.01                           buff4.Z (net)
                  0.24    0.00    3.68 ^ _14_/A (sky130_fd_sc_hd__ebufn_8)
                  0.36    0.52    4.20 ^ _14_/Z (sky130_fd_sc_hd__ebufn_8)
     1    0.06                           OUT (net)
                  0.36    0.01    4.21 ^ OUT (out)
                                  4.21   data arrival time

                         10.00   10.00   clock CLK (rise edge)
                          0.00   10.00   clock network delay (propagated)
                         -0.25    9.75   clock uncertainty
                          0.00    9.75   clock reconvergence pessimism
                         -2.00    7.75   output external delay
                                  7.75   data required time
-----------------------------------------------------------------------------
                                  7.75   data required time
                                 -4.21   data arrival time
-----------------------------------------------------------------------------
                                  3.54   slack (MET)



======================= Typical Corner ===================================

Startpoint: EN (input port clocked by CLK)
Endpoint: OUT (output port clocked by CLK)
Path Group: CLK
Path Type: max
Corner: Typical

Fanout     Cap    Slew   Delay    Time   Description
-----------------------------------------------------------------------------
                          0.00    0.00   clock CLK (rise edge)
                          0.00    0.00   clock network delay (propagated)
                          2.00    2.00 ^ input external delay
                  0.02    0.01    2.01 ^ EN (in)
     1    0.00                           EN (net)
                  0.02    0.00    2.01 ^ input1/A (sky130_fd_sc_hd__buf_2)
                  0.20    0.22    2.23 ^ input1/X (sky130_fd_sc_hd__buf_2)
     5    0.04                           net1 (net)
                  0.20    0.01    2.23 ^ _09_/A (sky130_fd_sc_hd__inv_2)
                  0.04    0.05    2.29 v _09_/Y (sky130_fd_sc_hd__inv_2)
     1    0.00                           _00_ (net)
                  0.04    0.00    2.29 v _10_/TE_B (sky130_fd_sc_hd__ebufn_1)
                  0.09    0.11    2.40 ^ _10_/Z (sky130_fd_sc_hd__ebufn_1)
     1    0.00                           buff1.Z (net)
                  0.09    0.00    2.40 ^ _11_/A (sky130_fd_sc_hd__ebufn_1)
                  0.09    0.15    2.55 ^ _11_/Z (sky130_fd_sc_hd__ebufn_1)
     1    0.00                           buff2.Z (net)
                  0.09    0.00    2.55 ^ _12_/A (sky130_fd_sc_hd__ebufn_1)
                  0.10    0.16    2.71 ^ _12_/Z (sky130_fd_sc_hd__ebufn_1)
     1    0.01                           buff3.Z (net)
                  0.10    0.00    2.71 ^ _13_/A (sky130_fd_sc_hd__ebufn_1)
                  0.15    0.20    2.91 ^ _13_/Z (sky130_fd_sc_hd__ebufn_1)
     1    0.01                           buff4.Z (net)
                  0.15    0.00    2.91 ^ _14_/A (sky130_fd_sc_hd__ebufn_8)
                  0.23    0.29    3.21 ^ _14_/Z (sky130_fd_sc_hd__ebufn_8)
     1    0.06                           OUT (net)
                  0.23    0.01    3.21 ^ OUT (out)
                                  3.21   data arrival time

                         10.00   10.00   clock CLK (rise edge)
                          0.00   10.00   clock network delay (propagated)
                         -0.25    9.75   clock uncertainty
                          0.00    9.75   clock reconvergence pessimism
                         -2.00    7.75   output external delay
                                  7.75   data required time
-----------------------------------------------------------------------------
                                  7.75   data required time
                                 -3.21   data arrival time
-----------------------------------------------------------------------------
                                  4.54   slack (MET)




===========================================================================
report_checks --slack_max -0.01
============================================================================
======================= Fastest Corner ===================================

No paths found.

======================= Slowest Corner ===================================

No paths found.

======================= Typical Corner ===================================

No paths found.


===========================================================================
 report_check_types -max_slew -max_cap -max_fanout -violators
============================================================================
======================= Fastest Corner ===================================


======================= Slowest Corner ===================================


======================= Typical Corner ===================================



===========================================================================
report_parasitic_annotation -report_unannotated
============================================================================
Found 1 unannotated drivers.
 CLK
Found 0 partially unannotated drivers.

===========================================================================
max slew violation count 0
max fanout violation count 0
max cap violation count 0
============================================================================

===========================================================================
check_setup -verbose -unconstrained_endpoints -multiple_clock -no_clock -no_input_delay -loops -generated_clocks
===========================================================================
