
===========================================================================
 report_power
============================================================================
======================= Fastest Corner ===================================

Group                  Internal  Switching    Leakage      Total
                          Power      Power      Power      Power (Watts)
----------------------------------------------------------------
Sequential             2.41e-02   4.13e-03   9.13e-08   2.83e-02  42.0%
Combinational          2.01e-02   1.90e-02   2.76e-07   3.91e-02  58.0%
Macro                  0.00e+00   0.00e+00   0.00e+00   0.00e+00   0.0%
Pad                    0.00e+00   0.00e+00   0.00e+00   0.00e+00   0.0%
----------------------------------------------------------------
Total                  4.42e-02   2.31e-02   3.67e-07   6.73e-02 100.0%
                          65.6%      34.4%       0.0%

======================= Slowest Corner ===================================

Group                  Internal  Switching    Leakage      Total
                          Power      Power      Power      Power (Watts)
----------------------------------------------------------------
Sequential             1.63e-02   2.70e-03   9.08e-05   1.91e-02  41.2%
Combinational          1.47e-02   1.24e-02   1.64e-04   2.73e-02  58.8%
Macro                  0.00e+00   0.00e+00   0.00e+00   0.00e+00   0.0%
Pad                    0.00e+00   0.00e+00   0.00e+00   0.00e+00   0.0%
----------------------------------------------------------------
Total                  3.11e-02   1.51e-02   2.55e-04   4.64e-02 100.0%
                          66.9%      32.5%       0.5%

======================= Typical Corner ===================================

Group                  Internal  Switching    Leakage      Total
                          Power      Power      Power      Power (Watts)
----------------------------------------------------------------
Sequential             2.09e-02   3.47e-03   5.21e-08   2.43e-02  41.7%
Combinational          1.80e-02   1.60e-02   1.93e-07   3.40e-02  58.3%
Macro                  0.00e+00   0.00e+00   0.00e+00   0.00e+00   0.0%
Pad                    0.00e+00   0.00e+00   0.00e+00   0.00e+00   0.0%
----------------------------------------------------------------
Total                  3.89e-02   1.95e-02   2.45e-07   5.84e-02 100.0%
                          66.6%      33.4%       0.0%

