
===========================================================================
 report_power
============================================================================
======================= Fastest Corner ===================================

Group                  Internal  Switching    Leakage      Total
                          Power      Power      Power      Power (Watts)
----------------------------------------------------------------
Sequential             2.38e-03   6.50e-04   2.15e-06   3.04e-03  33.9%
Combinational          2.36e-03   3.56e-03   3.30e-08   5.92e-03  66.1%
Macro                  0.00e+00   0.00e+00   0.00e+00   0.00e+00   0.0%
Pad                    0.00e+00   0.00e+00   0.00e+00   0.00e+00   0.0%
----------------------------------------------------------------
Total                  4.74e-03   4.21e-03   2.18e-06   8.96e-03 100.0%
                          52.9%      47.0%       0.0%

======================= Slowest Corner ===================================

Group                  Internal  Switching    Leakage      Total
                          Power      Power      Power      Power (Watts)
----------------------------------------------------------------
Sequential             1.59e-03   4.30e-04   9.16e-06   2.03e-03  33.2%
Combinational          1.74e-03   2.35e-03   1.45e-05   4.10e-03  66.8%
Macro                  0.00e+00   0.00e+00   0.00e+00   0.00e+00   0.0%
Pad                    0.00e+00   0.00e+00   0.00e+00   0.00e+00   0.0%
----------------------------------------------------------------
Total                  3.33e-03   2.78e-03   2.36e-05   6.13e-03 100.0%
                          54.3%      45.3%       0.4%

======================= Typical Corner ===================================

Group                  Internal  Switching    Leakage      Total
                          Power      Power      Power      Power (Watts)
----------------------------------------------------------------
Sequential             2.06e-03   5.49e-04   2.14e-06   2.61e-03  33.7%
Combinational          2.13e-03   3.00e-03   2.16e-08   5.13e-03  66.3%
Macro                  0.00e+00   0.00e+00   0.00e+00   0.00e+00   0.0%
Pad                    0.00e+00   0.00e+00   0.00e+00   0.00e+00   0.0%
----------------------------------------------------------------
Total                  4.19e-03   3.55e-03   2.17e-06   7.74e-03 100.0%
                          54.1%      45.9%       0.0%

